---
source: mybril/src/main.rs
expression: "format!(\"{}\\n\\n{}\", txt, bril2txt(json_after.as_str()))"
input_file: mybril/tests/examples/tdce/double-pass.bril
---
# ARGS: tdcep
@main {
  a: int = const 4;
  b: int = const 2;
  c: int = const 1;
  d: int = add a b;
  e: int = add c d;
  print d;
}


@main {
  a: int = const 4;
  b: int = const 2;
  c: int = const 1;
  d: int = add a b;
  print d;
}

