---
source: mybril/src/main.rs
expression: dot
input_file: mybril/tests/main-bool-args.json
---
digraph main {
  b0;
  here;
  there;
  b0 -> here;
  b0 -> there;
}

