---
source: mybril/src/ssa.rs
expression: output
input_file: mybril/tests/examples/df/cond-args.bril
---
@main(cond: bool) {
  a: int = const 47;
  b: int = const 42;
  br cond .left .right;
.left:
  b: int = const 1;
  c: int = const 5;
  jmp .end;
.right:
  a: int = const 2;
  c: int = const 10;
  jmp .end;
.end:
  d: int = sub a c;
  print d;
}


function main:
  b0: b0 
  end: b0 end 
  left: b0 left 
  right: b0 right 


