---
source: mybril/src/main.rs
expression: dot
input_file: mybril/tests/main-args.json
---
digraph main {
  b0;
}

