---
source: mybril/src/main.rs
expression: dot
input_file: mybril/tests/tiny.json
---
digraph main {
  b0;
}

