---
source: my-cranelift-pass/src/main.rs
expression: "format!(\"{:?}\\n{:?}\", & functions [0], & ctx.func)"
---
function %f(i32, i32) -> i32 fast {
block0(v0: i32, v1: i32):
    v2 = iadd v0, v1
    return v2
}

function %f(i32, i32) -> i32 fast {
block0(v0: i32, v1: i32):
    v2 = imul v0, v1
    return v2
}

